// Jest Snapshot v1, https://goo.gl/fbAQLP

exports[`UI: ExtendedButton should match snapshot 1`] = `
<View
  accessible={true}
  collapsable={false}
  focusable={false}
  nativeID="animatedComponent"
  onClick={[Function]}
  onResponderGrant={[Function]}
  onResponderMove={[Function]}
  onResponderRelease={[Function]}
  onResponderTerminate={[Function]}
  onResponderTerminationRequest={[Function]}
  onStartShouldSetResponder={[Function]}
  style={
    Object {
      "backgroundColor": "#000000",
      "opacity": 1,
      "padding": 16,
    }
  }
>
  <Text
    style={
      Array [
        Object {
          "color": "#000000",
          "fontSize": 15,
        },
        Array [
          Object {
            "color": "#FFFFFF",
          },
          undefined,
        ],
      ]
    }
  >
    hello, test
  </Text>
</View>
`;
